GAS LISTING /tmp/cc9GEw6r.s 			page 1


   1               		.file	"main.c"
   2               	__SP_H__ = 0x3e
   3               	__SP_L__ = 0x3d
   4               	__SREG__ = 0x3f
   5               	__CCP__ = 0x3c
   6               	__tmp_reg__ = 16
   7               	__zero_reg__ = 17
   8               		.text
   9               	.global	__vector_5
  10               		.type	__vector_5, @function
  11               	__vector_5:
  12 0000 1F93      		push r17
  13 0002 0F93      		push r16
  14 0004 0FB7      		in r16,__SREG__
  15 0006 0F93      		push r16
  16 0008 10E0      		ldi __zero_reg__,0
  17 000a 4F93      		push r20
  18 000c 5F93      		push r21
  19 000e 6F93      		push r22
  20 0010 7F93      		push r23
  21 0012 EF93      		push r30
  22 0014 FF93      		push r31
  23               	/* prologue: Signal */
  24               	/* frame size = 0 */
  25               	/* stack size = 9 */
  26               	.L__stack_usage = 9
  27 0016 E0E0      		ldi r30,lo8(pwmCount)
  28 0018 F0E0      		ldi r31,hi8(pwmCount)
  29 001a 5081      		ld r21,Z
  30 001c E0E0      		ldi r30,lo8(b)
  31 001e F0E0      		ldi r31,hi8(b)
  32 0020 4081      		ld r20,Z
  33 0022 4517      		cp r20,r21
  34 0024 00F4      		brsh .L2
  35 0026 1298      		cbi 0x2,2
  36 0028 00C0      		rjmp .L3
  37               	.L2:
  38 002a 129A      		sbi 0x2,2
  39               	.L3:
  40 002c E0E0      		ldi r30,lo8(pwmCount)
  41 002e F0E0      		ldi r31,hi8(pwmCount)
  42 0030 4081      		ld r20,Z
  43 0032 4F5F      		subi r20,lo8(-(1))
  44 0034 4083      		st Z,r20
  45 0036 E0E0      		ldi r30,lo8(counter0)
  46 0038 F0E0      		ldi r31,hi8(counter0)
  47 003a 4191      		ld r20,Z+
  48 003c 5191      		ld r21,Z+
  49 003e 6191      		ld r22,Z+
  50 0040 7081      		ld r23,Z
  51 0042 E350      		subi r30,lo8((3))
  52 0044 F040      		sbci r31,hi8((3))
  53 0046 4F5F      		subi r20,-1
  54 0048 5F4F      		sbci r21,-1
  55 004a 6F4F      		sbci r22,-1
  56 004c 7F4F      		sbci r23,-1
  57 004e 4193      		st Z+,r20
GAS LISTING /tmp/cc9GEw6r.s 			page 2


  58 0050 5193      		st Z+,r21
  59 0052 6193      		st Z+,r22
  60 0054 7083      		st Z,r23
  61 0056 E350      		subi r30,lo8((3))
  62 0058 F040      		sbci r31,hi8((3))
  63               	/* epilogue start */
  64 005a FF91      		pop r31
  65 005c EF91      		pop r30
  66 005e 7F91      		pop r23
  67 0060 6F91      		pop r22
  68 0062 5F91      		pop r21
  69 0064 4F91      		pop r20
  70 0066 0F91      		pop r16
  71 0068 0FBF      		out __SREG__,r16
  72 006a 0F91      		pop r16
  73 006c 1F91      		pop r17
  74 006e 1895      		reti
  75               		.size	__vector_5, .-__vector_5
  76               	.global	main
  77               		.type	main, @function
  78               	main:
  79               	/* prologue: function */
  80               	/* frame size = 0 */
  81               	/* stack size = 0 */
  82               	.L__stack_usage = 0
  83 0070 41B1      		in r20,0x1
  84 0072 4660      		ori r20,lo8(6)
  85 0074 41B9      		out 0x1,r20
  86 0076 129A      		sbi 0x2,2
  87 0078 48ED      		ldi r20,lo8(-40)
  88 007a 4CBF      		out __CCP__,r20
  89 007c 16BF      		out 0x36,__zero_reg__
  90 007e 1EBD      		out 0x2e,__zero_reg__
  91 0080 4AE0      		ldi r20,lo8(10)
  92 0082 4DBD      		out 0x2d,r20
  93 0084 47E2      		ldi r20,lo8(39)
  94 0086 50E0      		ldi r21,0
  95 0088 57BD      		out 0x26+1,r21
  96 008a 46BD      		out 0x26,r20
  97 008c 4BB5      		in r20,0x2b
  98 008e 4260      		ori r20,lo8(2)
  99 0090 4BBD      		out 0x2b,r20
 100               	/* #APP */
 101               	 ;  47 "main.c" 1
 102 0092 7894      		sei
 103               	 ;  0 "" 2
 104               	/* #NOAPP */
 105 0094 41B1      		in r20,0x1
 106 0096 4760      		ori r20,lo8(7)
 107 0098 41B9      		out 0x1,r20
 108 009a E0E0      		ldi r30,lo8(colorIndex)
 109 009c F0E0      		ldi r31,hi8(colorIndex)
 110 009e E081      		ld r30,Z
 111 00a0 F0E0      		ldi r31,0
 112 00a2 E050      		subi r30,lo8(-(blue+16384))
 113 00a4 F040      		sbci r31,hi8(-(blue+16384))
 114               	/* #APP */
GAS LISTING /tmp/cc9GEw6r.s 			page 3


 115               	 ;  52 "main.c" 1
 116 00a6 E081      		ld r30, z
 117               		
 118               	 ;  0 "" 2
 119               	/* #NOAPP */
 120 00a8 A0E0      		ldi r26,lo8(b)
 121 00aa B0E0      		ldi r27,hi8(b)
 122 00ac EC93      		st X,r30
 123 00ae C0E0      		ldi r28,lo8(counter0)
 124 00b0 D0E0      		ldi r29,hi8(counter0)
 125 00b2 20E0      		ldi r18,lo8(colorIndex)
 126 00b4 30E0      		ldi r19,hi8(colorIndex)
 127               	.L5:
 128 00b6 4991      		ld r20,Y+
 129 00b8 5991      		ld r21,Y+
 130 00ba 6991      		ld r22,Y+
 131 00bc 7881      		ld r23,Y
 132 00be C350      		subi r28,lo8((3))
 133 00c0 D040      		sbci r29,hi8((3))
 134 00c2 5F77      		andi r21,127
 135 00c4 6627      		clr r22
 136 00c6 7727      		clr r23
 137 00c8 452B      		or r20,r21
 138 00ca 462B      		or r20,r22
 139 00cc 472B      		or r20,r23
 140 00ce 01F4      		brne .L5
 141 00d0 A22F      		mov r26,r18
 142 00d2 B32F      		mov r27,r19
 143 00d4 8C91      		ld r24,X
 144 00d6 90E0      		ldi r25,0
 145 00d8 8F5F      		subi r24,-1
 146 00da 9F4F      		sbci r25,-1
 147 00dc 65E0      		ldi r22,lo8(5)
 148 00de 70E0      		ldi r23,0
 149 00e0 00D0      		rcall __divmodhi4
 150 00e2 E22F      		mov r30,r18
 151 00e4 F32F      		mov r31,r19
 152 00e6 8083      		st Z,r24
 153 00e8 E081      		ld r30,Z
 154 00ea F0E0      		ldi r31,0
 155 00ec E050      		subi r30,lo8(-(blue+16384))
 156 00ee F040      		sbci r31,hi8(-(blue+16384))
 157               	/* #APP */
 158               	 ;  57 "main.c" 1
 159 00f0 E081      		ld r30, z
 160               		
 161               	 ;  0 "" 2
 162               	/* #NOAPP */
 163 00f2 A0E0      		ldi r26,lo8(b)
 164 00f4 B0E0      		ldi r27,hi8(b)
 165 00f6 EC93      		st X,r30
 166 00f8 00C0      		rjmp .L5
 167               		.size	main, .-main
 168               	.global	colorInterval
 169               		.section	.rodata
 170               		.type	colorInterval, @object
 171               		.size	colorInterval, 4
GAS LISTING /tmp/cc9GEw6r.s 			page 4


 172               	colorInterval:
 173 0000 00        		.byte	0
 174 0001 80        		.byte	-128
 175 0002 00        		.byte	0
 176 0003 00        		.byte	0
 177               	.global	colorIndex
 178               		.section .bss
 179               		.type	colorIndex, @object
 180               		.size	colorIndex, 1
 181               	colorIndex:
 182 0000 00        		.zero	1
 183               	.global	blue
 184               		.section	.progmem.data,"a",@progbits
 185               		.type	blue, @object
 186               		.size	blue, 5
 187               	blue:
 188 0000 FF        		.byte	-1
 189 0001 FF        		.byte	-1
 190 0002 00        		.byte	0
 191 0003 7F        		.byte	127
 192 0004 00        		.byte	0
 193               	.global	nColors
 194               		.section	.rodata
 195               		.type	nColors, @object
 196               		.size	nColors, 1
 197               	nColors:
 198 0004 05        		.byte	5
 199               	.global	counter0
 200               		.section .bss
 201               		.type	counter0, @object
 202               		.size	counter0, 4
 203               	counter0:
 204 0001 0000 0000 		.zero	4
 205               	.global	pwmCount
 206               		.type	pwmCount, @object
 207               		.size	pwmCount, 1
 208               	pwmCount:
 209 0005 00        		.zero	1
 210               	.global	b
 211               		.data
 212               		.type	b, @object
 213               		.size	b, 1
 214               	b:
 215 0000 FF        		.byte	-1
 216               		.ident	"GCC: (GNU) 4.9.2"
 217               	.global __do_copy_data
 218               	.global __do_clear_bss
GAS LISTING /tmp/cc9GEw6r.s 			page 5


DEFINED SYMBOLS
                            *ABS*:0000000000000000 main.c
     /tmp/cc9GEw6r.s:2      *ABS*:000000000000003e __SP_H__
     /tmp/cc9GEw6r.s:3      *ABS*:000000000000003d __SP_L__
     /tmp/cc9GEw6r.s:4      *ABS*:000000000000003f __SREG__
     /tmp/cc9GEw6r.s:5      *ABS*:000000000000003c __CCP__
     /tmp/cc9GEw6r.s:6      *ABS*:0000000000000010 __tmp_reg__
     /tmp/cc9GEw6r.s:7      *ABS*:0000000000000011 __zero_reg__
     /tmp/cc9GEw6r.s:11     .text:0000000000000000 __vector_5
     /tmp/cc9GEw6r.s:208    .bss:0000000000000005 pwmCount
     /tmp/cc9GEw6r.s:214    .data:0000000000000000 b
     /tmp/cc9GEw6r.s:203    .bss:0000000000000001 counter0
     /tmp/cc9GEw6r.s:78     .text:0000000000000070 main
     /tmp/cc9GEw6r.s:181    .bss:0000000000000000 colorIndex
     /tmp/cc9GEw6r.s:187    .progmem.data:0000000000000000 blue
     /tmp/cc9GEw6r.s:172    .rodata:0000000000000000 colorInterval
     /tmp/cc9GEw6r.s:197    .rodata:0000000000000004 nColors

UNDEFINED SYMBOLS
__divmodhi4
__do_copy_data
__do_clear_bss
